../Core/Inc/Statechart.c:72:6:statechart_init	24	static
../Core/Inc/Statechart.c:92:6:statechart_enter	16	static
../Core/Inc/Statechart.c:116:6:statechart_exit	16	static
../Core/Inc/Statechart.c:132:6:statechart_trigger_without_event	16	static
../Core/Inc/Statechart.c:137:12:statechart_is_active	24	static
../Core/Inc/Statechart.c:153:12:statechart_is_final	16	static
../Core/Inc/Statechart.c:159:12:statechart_is_state_active	24	static
../Core/Inc/Statechart.c:187:13:clear_in_events	16	static
../Core/Inc/Statechart.c:193:13:micro_step	16	static
../Core/Inc/Statechart.c:223:13:run_cycle	16	static
../Core/Inc/Statechart.c:251:6:statechart_raise_timerInterrupt	16	static
../Core/Inc/Statechart.c:257:6:statechart_raise_buttonPressed	16	static
../Core/Inc/Statechart.c:265:12:statechart_get_i	16	static
../Core/Inc/Statechart.c:269:6:statechart_set_i	16	static
../Core/Inc/Statechart.c:279:13:enact_main_region_Inicializacija	16	static
../Core/Inc/Statechart.c:286:13:enact_main_region_Nuskaityti_Duomenis__	16	static
../Core/Inc/Statechart.c:292:13:enact_main_region_Suvidurkinti	16	static
../Core/Inc/Statechart.c:300:13:enact_main_region_Atvaizduoti	16	static
../Core/Inc/Statechart.c:307:13:enseq_main_region_Inicializacija_default	16	static
../Core/Inc/Statechart.c:315:13:enseq_main_region_Nuskaityti_Duomenis___default	16	static
../Core/Inc/Statechart.c:323:13:enseq_main_region_Suvidurkinti_default	16	static
../Core/Inc/Statechart.c:331:13:enseq_main_region_default	16	static
../Core/Inc/Statechart.c:338:13:exseq_main_region_Inicializacija	16	static
../Core/Inc/Statechart.c:345:13:exseq_main_region_Nuskaityti_Duomenis__	16	static
../Core/Inc/Statechart.c:352:13:exseq_main_region_Suvidurkinti	16	static
../Core/Inc/Statechart.c:359:13:exseq_main_region_Atvaizduoti	16	static
../Core/Inc/Statechart.c:366:13:exseq_main_region	16	static
../Core/Inc/Statechart.c:399:13:react_main_region__entry_Default	16	static
../Core/Inc/Statechart.c:406:19:react	16	static
../Core/Inc/Statechart.c:413:19:main_region_Inicializacija_react	24	static
../Core/Inc/Statechart.c:438:19:main_region_Nuskaityti_Duomenis___react	24	static
../Core/Inc/Statechart.c:474:19:main_region_Suvidurkinti_react	24	static
../Core/Inc/Statechart.c:494:19:main_region_Atvaizduoti_react	24	static
../Core/Inc/Statechart.c:522:13:statechart_eventqueue_init	24	static
../Core/Inc/Statechart.c:531:19:statechart_eventqueue_size	16	static
../Core/Inc/Statechart.c:536:25:statechart_eventqueue_pop	24	static
../Core/Inc/Statechart.c:555:19:statechart_eventqueue_push	16	static
../Core/Inc/Statechart.c:574:13:statechart_event_init	16	static
../Core/Inc/Statechart.c:579:13:statechart_add_event_to_queue	32	static
../Core/Inc/Statechart.c:586:19:statechart_dispatch_event	16	static
../Core/Inc/Statechart.c:603:25:statechart_get_next_event	32	static
../Core/Inc/Statechart.c:613:19:statechart_dispatch_next_event	24	static
